Standard Commons Logging discovery in action with spring-jcl: please remove commons-logging.jar from classpath in order to avoid potential conflicts

  .   ____          _            __ _ _
 /\\ / ___'_ __ _ _(_)_ __  __ _ \ \ \ \
( ( )\___ | '_ | '_| | '_ \/ _` | \ \ \ \
 \\/  ___)| |_)| | | | | || (_| |  ) ) ) )
  '  |____| .__|_| |_|_| |_\__, | / / / /
 =========|_|==============|___/=/_/_/_/
 :: Spring Boot ::                (v3.2.5)

2026-09-30T14:26:32.632+08:00  INFO 8724 --- [st-cloud] [           main] com.stcloud.StCloudApplication           : Starting StCloudApplication v1.0.0-SNAPSHOT using Java 17.0.14 with PID 8724 (E:\code\st-cloud\st-api\target\st-api-1.0.0-SNAPSHOT.jar started by Administrator in E:\code\st-cloud)
2026-09-30T14:26:32.635+08:00  INFO 8724 --- [st-cloud] [           main] com.stcloud.StCloudApplication           : The following 1 profile is active: "dev"
2026-09-30T14:26:33.894+08:00  INFO 8724 --- [st-cloud] [           main] .s.d.r.c.RepositoryConfigurationDelegate : Multiple Spring Data modules found, entering strict repository configuration mode
2026-09-30T14:26:33.896+08:00  INFO 8724 --- [st-cloud] [           main] .s.d.r.c.RepositoryConfigurationDelegate : Bootstrapping Spring Data Redis repositories in DEFAULT mode.
2026-09-30T14:26:33.936+08:00  INFO 8724 --- [st-cloud] [           main] .s.d.r.c.RepositoryConfigurationDelegate : Finished Spring Data repository scanning in 28 ms. Found 0 Redis repository interfaces.
2026-09-30T14:26:34.615+08:00  WARN 8724 --- [st-cloud] [           main] trationDelegate$BeanPostProcessorChecker : Bean 'org.apache.rocketmq.spring.autoconfigure.ListenerContainerConfiguration' of type [org.apache.rocketmq.spring.autoconfigure.ListenerContainerConfiguration$$SpringCGLIB$$0] is not eligible for getting processed by all BeanPostProcessors (for example: not eligible for auto-proxying). Is this bean getting eagerly injected into a currently created BeanPostProcessor [org.apache.rocketmq.spring.annotation.RocketMQMessageListenerBeanPostProcessor]? Check the corresponding BeanPostProcessor declaration and its dependencies.
2026-09-30T14:26:34.617+08:00  WARN 8724 --- [st-cloud] [           main] trationDelegate$BeanPostProcessorChecker : Bean 'org.apache.rocketmq.spring.autoconfigure.MessageConverterConfiguration' of type [org.apache.rocketmq.spring.autoconfigure.MessageConverterConfiguration$$SpringCGLIB$$0] is not eligible for getting processed by all BeanPostProcessors (for example: not eligible for auto-proxying). Is this bean getting eagerly injected into a currently created BeanPostProcessor [org.apache.rocketmq.spring.annotation.RocketMQMessageListenerBeanPostProcessor]? Check the corresponding BeanPostProcessor declaration and its dependencies.
2026-09-30T14:26:34.683+08:00  WARN 8724 --- [st-cloud] [           main] trationDelegate$BeanPostProcessorChecker : Bean 'createRocketMQMessageConverter' of type [org.apache.rocketmq.spring.support.RocketMQMessageConverter] is not eligible for getting processed by all BeanPostProcessors (for example: not eligible for auto-proxying). Is this bean getting eagerly injected into a currently created BeanPostProcessor [org.apache.rocketmq.spring.annotation.RocketMQMessageListenerBeanPostProcessor]? Check the corresponding BeanPostProcessor declaration and its dependencies.
2026-09-30T14:26:34.701+08:00  WARN 8724 --- [st-cloud] [           main] trationDelegate$BeanPostProcessorChecker : Bean 'rocketmq-org.apache.rocketmq.spring.autoconfigure.RocketMQProperties' of type [org.apache.rocketmq.spring.autoconfigure.RocketMQProperties] is not eligible for getting processed by all BeanPostProcessors (for example: not eligible for auto-proxying). Is this bean getting eagerly injected into a currently created BeanPostProcessor [org.apache.rocketmq.spring.annotation.RocketMQMessageListenerBeanPostProcessor]? Check the corresponding BeanPostProcessor declaration and its dependencies.
2026-09-30T14:26:34.704+08:00  WARN 8724 --- [st-cloud] [           main] trationDelegate$BeanPostProcessorChecker : Bean 'rocketMQMessageListenerContainerRegistrar' of type [org.apache.rocketmq.spring.support.RocketMQMessageListenerContainerRegistrar] is not eligible for getting processed by all BeanPostProcessors (for example: not eligible for auto-proxying). Is this bean getting eagerly injected into a currently created BeanPostProcessor [org.apache.rocketmq.spring.annotation.RocketMQMessageListenerBeanPostProcessor]? Check the corresponding BeanPostProcessor declaration and its dependencies.
2026-09-30T14:26:35.044+08:00  INFO 8724 --- [st-cloud] [           main] o.s.b.w.embedded.tomcat.TomcatWebServer  : Tomcat initialized with port 18083 (http)
2026-09-30T14:26:35.056+08:00  INFO 8724 --- [st-cloud] [           main] o.apache.catalina.core.StandardService   : Starting service [Tomcat]
2026-09-30T14:26:35.057+08:00  INFO 8724 --- [st-cloud] [           main] o.apache.catalina.core.StandardEngine    : Starting Servlet engine: [Apache Tomcat/10.1.20]
2026-09-30T14:26:35.100+08:00  INFO 8724 --- [st-cloud] [           main] o.a.c.c.C.[Tomcat].[localhost].[/]       : Initializing Spring embedded WebApplicationContext
2026-09-30T14:26:35.101+08:00  INFO 8724 --- [st-cloud] [           main] w.s.c.ServletWebServerApplicationContext : Root WebApplicationContext: initialization completed in 2381 ms
Standard Commons Logging discovery in action with spring-jcl: please remove commons-logging.jar from classpath in order to avoid potential conflicts
 _ _   |_  _ _|_. ___ _ |    _ 
| | |\/|_)(_| | |_\  |_)||_|_\ 
     /               |         
                        3.5.7 
2026-09-30T14:26:35.504+08:00  INFO 8724 --- [st-cloud] [           main] com.zaxxer.hikari.HikariDataSource       : HikariPool-1 - Starting...
2026-09-30T14:26:35.764+08:00  INFO 8724 --- [st-cloud] [           main] com.zaxxer.hikari.pool.HikariPool        : HikariPool-1 - Added connection com.mysql.cj.jdbc.ConnectionImpl@cea67b1
2026-09-30T14:26:35.766+08:00  INFO 8724 --- [st-cloud] [           main] com.zaxxer.hikari.HikariDataSource       : HikariPool-1 - Start completed.
2026-09-30T14:26:35.952+08:00  INFO 8724 --- [st-cloud] [           main] com.stcloud.common.utils.JwtUtils        : JWT 签名密钥已从数据库加载
2026-09-30T14:26:38.315+08:00  INFO 8724 --- [st-cloud] [           main] a.r.s.s.DefaultRocketMQListenerContainer : running container: DefaultRocketMQListenerContainer{consumerGroup='stcloud-core', namespace='', nameServer='127.0.0.1:29876', topic='PHYSICAL_DELETE', consumeMode=CONCURRENTLY, selectorType=TAG, selectorExpression='*', messageModel=CLUSTERING', tlsEnable=false, instanceName=DEFAULT}
2026-09-30T14:26:38.315+08:00  INFO 8724 --- [st-cloud] [           main] ocketMQMessageListenerContainerRegistrar : Register the listener to container, listenerBeanName:physicalDeleteMessageConsumer, containerBeanName:org.apache.rocketmq.spring.support.DefaultRocketMQListenerContainer_1
2026-09-30T14:26:38.503+08:00  INFO 8724 --- [st-cloud] [           main] o.a.r.s.a.RocketMQAutoConfiguration      : a producer (stcloud-tenant-context-test) init on namesrv 127.0.0.1:29876
2026-09-30T14:26:39.699+08:00  INFO 8724 --- [st-cloud] [           main] a.r.s.s.DefaultRocketMQListenerContainer : running container: DefaultRocketMQListenerContainer{consumerGroup='stcloud-sync', namespace='', nameServer='127.0.0.1:29876', topic='SYNC_CHANGE', consumeMode=CONCURRENTLY, selectorType=TAG, selectorExpression='*', messageModel=CLUSTERING', tlsEnable=false, instanceName=DEFAULT}
2026-09-30T14:26:39.700+08:00  INFO 8724 --- [st-cloud] [           main] ocketMQMessageListenerContainerRegistrar : Register the listener to container, listenerBeanName:syncChangeMessageConsumer, containerBeanName:org.apache.rocketmq.spring.support.DefaultRocketMQListenerContainer_2
2026-09-30T14:26:40.031+08:00  INFO 8724 --- [st-cloud] [           main] c.s.search.init.SearchIndexInitializer   : ES pipeline 'file-content-pipeline' ensured
2026-09-30T14:26:40.039+08:00  INFO 8724 --- [st-cloud] [           main] c.s.search.init.SearchIndexInitializer   : ES index 'file_content' already exists, skip creation
2026-09-30T14:26:40.069+08:00  INFO 8724 --- [st-cloud] [           main] c.s.search.init.SearchIndexInitializer   : ES index 'file_content' ngram sub-fields already present
2026-09-30T14:26:40.069+08:00  INFO 8724 --- [st-cloud] [           main] c.s.search.init.SearchIndexInitializer   : ES search index and pipeline initialized successfully
2026-09-30T14:26:40.452+08:00  INFO 8724 --- [st-cloud] [           main] a.r.s.s.DefaultRocketMQListenerContainer : running container: DefaultRocketMQListenerContainer{consumerGroup='stcloud-search', namespace='', nameServer='127.0.0.1:29876', topic='FILE_INDEX', consumeMode=CONCURRENTLY, selectorType=TAG, selectorExpression='*', messageModel=CLUSTERING', tlsEnable=false, instanceName=DEFAULT}
2026-09-30T14:26:40.452+08:00  INFO 8724 --- [st-cloud] [           main] ocketMQMessageListenerContainerRegistrar : Register the listener to container, listenerBeanName:fileIndexMessageConsumer, containerBeanName:org.apache.rocketmq.spring.support.DefaultRocketMQListenerContainer_3
2026-09-30T14:26:40.909+08:00  INFO 8724 --- [st-cloud] [           main] o.s.s.web.DefaultSecurityFilterChain     : Will secure any request with [org.springframework.security.web.session.DisableEncodeUrlFilter@21e72fb2, org.springframework.security.web.context.request.async.WebAsyncManagerIntegrationFilter@219a9b16, org.springframework.security.web.context.SecurityContextHolderFilter@358caf3a, org.springframework.security.web.header.HeaderWriterFilter@1c04dae9, org.springframework.web.filter.CorsFilter@3744c760, org.springframework.security.web.authentication.logout.LogoutFilter@6c633590, com.stcloud.auth.security.JwtAuthenticationFilter@14580edc, org.springframework.security.web.savedrequest.RequestCacheAwareFilter@72288b38, org.springframework.security.web.servletapi.SecurityContextHolderAwareRequestFilter@2aee0173, org.springframework.security.web.authentication.AnonymousAuthenticationFilter@7cb4fc46, org.springframework.security.web.session.SessionManagementFilter@5fb8ad3d, org.springframework.security.web.access.ExceptionTranslationFilter@66ab765c, org.springframework.security.web.access.intercept.AuthorizationFilter@470a2845]
2026-09-30T14:26:41.292+08:00  INFO 8724 --- [st-cloud] [           main] o.s.b.w.embedded.tomcat.TomcatWebServer  : Tomcat started on port 18083 (http) with context path ''
2026-09-30T14:26:41.307+08:00  INFO 8724 --- [st-cloud] [           main] com.stcloud.StCloudApplication           : Started StCloudApplication in 9.238 seconds (process running for 9.816)
2026-09-30T14:26:41.314+08:00  WARN 8724 --- [st-cloud] [   scheduling-1] c.stcloud.common.context.TenantContext   : SAAS 模式下租户上下文未设置，兜底为默认租户 1；若非登录/公开接口场景，请检查调用链
2026-09-30T14:26:41.447+08:00  INFO 8724 --- [st-cloud] [           main] c.s.core.config.StorageInitializer       : S3 Bucket已存在: stcloud-team-recycle-20260930
2026-09-30T14:26:41.471+08:00  INFO 8724 --- [st-cloud] [           main] c.s.core.config.StorageInitializer       : S3 Bucket CORS已配置: stcloud-team-recycle-20260930
2026-09-30T14:26:41.475+08:00  INFO 8724 --- [st-cloud] [           main] c.s.core.config.StorageInitializer       : S3 Bucket已存在: stcloud-team-recycle-chunks-20260930
2026-09-30T14:26:41.478+08:00  INFO 8724 --- [st-cloud] [           main] c.s.core.config.StorageInitializer       : S3 Bucket CORS已配置: stcloud-team-recycle-chunks-20260930
2026-09-30T14:26:41.480+08:00  INFO 8724 --- [st-cloud] [           main] c.s.core.config.StorageInitializer       : S3 Bucket已存在: stcloud-team-recycle-preview-20260930
2026-09-30T14:26:41.483+08:00  INFO 8724 --- [st-cloud] [           main] c.s.core.config.StorageInitializer       : S3 Bucket CORS已配置: stcloud-team-recycle-preview-20260930
2026-09-30T14:27:41.325+08:00  WARN 8724 --- [st-cloud] [   scheduling-1] c.stcloud.common.context.TenantContext   : SAAS 模式下租户上下文未设置，兜底为默认租户 1；若非登录/公开接口场景，请检查调用链
2026-09-30T14:27:45.718+08:00  INFO 8724 --- [st-cloud] [io-18083-exec-1] o.a.c.c.C.[Tomcat].[localhost].[/]       : Initializing Spring DispatcherServlet 'dispatcherServlet'
2026-09-30T14:27:45.718+08:00  INFO 8724 --- [st-cloud] [io-18083-exec-1] o.s.web.servlet.DispatcherServlet        : Initializing Servlet 'dispatcherServlet'
2026-09-30T14:27:45.719+08:00  INFO 8724 --- [st-cloud] [io-18083-exec-1] o.s.web.servlet.DispatcherServlet        : Completed initialization in 1 ms
2026-09-30T14:27:45.839+08:00  WARN 8724 --- [st-cloud] [io-18083-exec-1] c.stcloud.common.context.TenantContext   : SAAS 模式下租户上下文未设置，兜底为默认租户 1；若非登录/公开接口场景，请检查调用链
2026-09-30T14:27:46.291+08:00  INFO 8724 --- [st-cloud] [io-18083-exec-1] com.stcloud.auth.service.AuthService     : 用户登录成功: username=admin, userId=1
2026-09-30T14:27:46.301+08:00  WARN 8724 --- [st-cloud] [udit-log-writer] c.stcloud.common.context.TenantContext   : SAAS 模式下租户上下文未设置，兜底为默认租户 1；若非登录/公开接口场景，请检查调用链
2026-09-30T14:28:40.711+08:00  WARN 8724 --- [st-cloud] [io-18083-exec-3] c.stcloud.common.context.TenantContext   : SAAS 模式下租户上下文未设置，兜底为默认租户 1；若非登录/公开接口场景，请检查调用链
2026-09-30T14:28:40.781+08:00  INFO 8724 --- [st-cloud] [io-18083-exec-3] com.stcloud.auth.service.AuthService     : 用户登录成功: username=admin, userId=1
2026-09-30T14:28:40.782+08:00  WARN 8724 --- [st-cloud] [udit-log-writer] c.stcloud.common.context.TenantContext   : SAAS 模式下租户上下文未设置，兜底为默认租户 1；若非登录/公开接口场景，请检查调用链
2026-09-30T14:28:41.328+08:00  WARN 8724 --- [st-cloud] [   scheduling-1] c.stcloud.common.context.TenantContext   : SAAS 模式下租户上下文未设置，兜底为默认租户 1；若非登录/公开接口场景，请检查调用链
2026-09-30T14:29:41.332+08:00  WARN 8724 --- [st-cloud] [   scheduling-1] c.stcloud.common.context.TenantContext   : SAAS 模式下租户上下文未设置，兜底为默认租户 1；若非登录/公开接口场景，请检查调用链
2026-09-30T14:30:00.003+08:00  WARN 8724 --- [st-cloud] [   scheduling-1] c.stcloud.common.context.TenantContext   : SAAS 模式下租户上下文未设置，兜底为默认租户 1；若非登录/公开接口场景，请检查调用链
