
> st-cloud-desktop@1.0.0 test:round3
> tsc src/sync-retry.ts src/sync-retry.test.ts src/db-migrate.ts src/db-migrate.test.ts src/db/transfer-schema.ts src/db/transfer-schema.test.ts src/sync-utils.ts src/sync-utils.test.ts src/upload-resume.ts src/upload-resume.test.ts src/transfer-tasks.test.ts --outDir .test-dist --module commonjs --target ES2020 --skipLibCheck --esModuleInterop && node --test ".test-dist/*.test.js" && node --test src/sync/sync-recovery.test.cjs src/sync/sync-cursor.test.cjs src/sync/sync-conflict.test.cjs src/sync/sync-path.test.cjs src/sync/sync-reconcile.test.cjs src/sync/sync-size.test.cjs src/sync/sync-restart.test.cjs

✔ INTEGER 亲和性导致雪花ID读回丢精度（bug 复现） (48.5248ms)
✔ ensureIdColumnsText 重建后雪花ID读回完整字符串 (13.0518ms)
✔ ensureIdColumnsText 幂等：二次调用不再重建 (6.4666ms)
✔ ensureIdColumnsText 对新库（已是 TEXT）不重建 (1.6877ms)
✔ TCDB-09 旧库大 root/node/cursor 以 SQL 整数字面量迁移并隔离两根 (10.904ms)
✔ TCDB-09 全部现有迁移列、主键索引与落盘重开保持，非ID字段不转换 (10.4425ms)
✔ computeBackoffMs: 指数退避曲线 30s/60s/120s/240s (1.0163ms)
✔ computeBackoffMs: 封顶 1 小时 (0.1869ms)
✔ computeBackoffMs: failCount<=0 按首次失败处理 (0.1723ms)
✔ shouldRetryUpload: 无失败记录始终允许上传 (0.1879ms)
✔ shouldRetryUpload: 退避期内跳过 (0.1447ms)
✔ shouldRetryUpload: 退避到期允许重试 (0.1623ms)
✔ shouldRetryUpload: 用户再次修改（mtime 变化）立即重试 (1.701ms)
✔ shouldRetryUpload: nextRetryAt 为空视为可重试 (0.3656ms)
✔ isIgnoredLocalPath 过滤 Office 锁文件与系统临时文件 (3.4538ms)
✔ isConflictCopyName 只匹配机器格式冲突副本 (0.3409ms)
✔ uniqueConflictName 同秒冲突追加序号，避免互相覆盖 (2.131ms)
✔ isLocallyChanged 以 sync_state.local_mtime 为准 (0.2364ms)
✔ conflictRelPath 推导冲突副本的同步相对路径 (0.3368ms)
✔ 上传和下载任务可通过真实 SQLite 创建并在重载后完整读回 (40.4476ms)
✔ relay 恢复不会降级为普通直传 (0.8669ms)
ℹ tests 21
ℹ suites 0
ℹ pass 21
ℹ fail 0
ℹ cancelled 0
ℹ skipped 0
ℹ todo 0
ℹ duration_ms 325.0469
✔ TC04-24/25: 真实上传模块对任务 failed 抛错并保留旧基线 (124.9498ms)
✔ TC04-24/25: 真实上传模块对任务 running 抛错并保留旧基线 (41.2876ms)
✔ TC04-24: keep_both 上传 failed 后保留临时源及旧基线 (82.3771ms)
✔ TC04-24: keep_both 上传 timeout 后保留临时源及旧基线 (60.2016ms)
✔ TC04-25: local_wins 上传失败传播且恢复后源文件不变 (51.3757ms)
✔ TC04-25: latest_wins 上传失败传播且恢复后源文件不变 (61.3136ms)
✔ TCDB-07: 三组root/node/cursor逐字贯穿实际引擎请求与delta消费 (6.0917ms)
✔ TCDB-10: 大游标逐字符传递，不经过 Number (1.1175ms)
✔ TCDB-10: 相邻大游标连续分页并持久化最后一页 (1.7643ms)
✔ TCDB-10: hasMore=true 且大游标未前进不确认页面 (0.9208ms)
✔ TC04-08: 协议版本缺失或错误时游标不推进 (2.359ms)
✔ TC04-08: 数字游标和损坏响应均被拒绝 (6.4435ms)
✔ TCDB-10: 真实 SQLite 持久化大游标，重启后续页并拒绝停滞 (137.2822ms)
✔ TC04-06: 空过滤页仍继续读取下一页的有效事件 (1.8882ms)
✔ TC04-34: 第二页失败保留第一页游标，恢复后从第二页继续 (88.0986ms)
✔ TC04-10: 越界路径和目录联接不允许解析到根外 (14.4587ms)
✔ TC04-33: 不完整列举和第二页故障不清理原文件或状态，恢复后补齐 (227.5406ms)
✔ 空目录 pages=0 且无旧状态可以完成对账 (102.8656ms)
✔ TC04-30: 最后时刻编辑随原件移动 (185.0613ms)
✔ 已打开的句柄写入仍保存在恢复原件中 (127.8818ms)
✔ 目录遍历后新增文件被整体保全并记录 (38.3648ms)
✔ 原子移动失败保留源且同事件可以重试 (42.0414ms)
✔ 跨设备选用同步根旁目录（设备号注入） (23.6831ms)
✔ 真实跨卷：应用目录与工作区不在同盘时，原件保存在同步根旁 (21.574ms)
✔ 实际 EXDEV 失败不回退为复制删除 (26.4639ms)
✔ 旧 pending 副本和新源同时存在时双方均不覆盖 (44.1116ms)
✔ 已完成事件重放不删除新出现的同名文件 (37.4836ms)
✔ 恢复位置属于其他同步根时拒绝 (12.5735ms)
✔ 移动后清单提交失败仍保有完整原件 (37.6907ms)
✔ TC04-29: 初始 manifest 写入失败保留源且同事件可重试 (50.3836ms)
✔ TC04-29: 目录移动后清单提交失败，重试补记移动期间新增文件 (39.2614ms)
✔ TC04-10: 恢复目录联接指向外部时不写入外部清单或移动源 (12.2669ms)
✔ TC04-31: watcher-move 云端故障期间用户修改由下一轮补传 (12607.7649ms)
✔ TC04-31: watcher-move 真实chokidar自激不回传，独立用户编辑仍上传 (3972.7791ms)
✔ TC04-31: watcher-delete 云端故障期间用户修改由下一轮补传 (12047.9882ms)
✔ TC04-31: watcher-delete 真实chokidar自激不回传，独立用户编辑仍上传 (3978.682ms)
✔ TC04-28: 成功冲突后同页失败，跨进程重放不回传覆盖原云端版本 (9181.8673ms)
✔ TC04-28: fail-upload 连续三轮部分成功不重复已完成副本 (6284.8378ms)
✔ TC04-28: fail-download 连续三轮部分成功不重复已完成副本 (24357.7099ms)
✔ TC04-28: 已存云端副本详情失败不假定完成，恢复后复用而非重新上传 (9725.5023ms)
✔ TC04-28: 云端保留副本已被修改时重新保全当前本地字节 (10188.0662ms)
✔ TC04-24/25: keep_both/fail-upload 真实上传任务失败保留基线和cursor (3547.8268ms)
✔ TC04-24/25: keep_both/fail-timeout 真实上传任务失败保留基线和cursor (2512.4844ms)
✔ TC04-24/25: local_wins/fail-upload 真实上传任务失败保留基线和cursor (3552.6938ms)
✔ TC04-24/25: local_wins/fail-timeout 真实上传任务失败保留基线和cursor (2490.2126ms)
✔ TC04-24/25: latest_wins/fail-upload 真实上传任务失败保留基线和cursor (3517.0908ms)
✔ TC04-24/25: latest_wins/fail-timeout 真实上传任务失败保留基线和cursor (2520.5654ms)
✔ TC04-26/27: conflict-keep_both/fail-download 连续失败重启保持原身份与MD5 (17092.7431ms)
✔ TC04-26/27: conflict-reconcile-baseline/fail-download 连续失败重启保持原身份与MD5 (17247.4647ms)
✔ TC04-26/27: conflict-reconcile-other/fail-download 连续失败重启保持原身份与MD5 (17151.8848ms)
✔ TC04-26/27: conflict-reconcile-missing/fail-download 连续失败重启保持原身份与MD5 (17330.4725ms)
✔ TC04-26/27: conflict-keep_both/fail-upload 连续失败重启保持原身份与MD5 (5112.0688ms)
✔ TC04-26/27: conflict-reconcile-baseline/fail-upload 连续失败重启保持原身份与MD5 (5279.7083ms)
✔ TC04-26/27: conflict-reconcile-other/fail-upload 连续失败重启保持原身份与MD5 (5058.1537ms)
✔ TC04-26/27: conflict-reconcile-missing/fail-upload 连续失败重启保持原身份与MD5 (5098.8059ms)
✔ TC04-26/27: conflict-keep_both/fail-both 连续失败重启保持原身份与MD5 (19166.0656ms)
✔ TC04-26/27: conflict-reconcile-baseline/fail-both 连续失败重启保持原身份与MD5 (19105.3782ms)
✔ TC04-26/27: conflict-reconcile-other/fail-both 连续失败重启保持原身份与MD5 (19076.7489ms)
✔ TC04-26/27: conflict-reconcile-missing/fail-both 连续失败重启保持原身份与MD5 (20062.8078ms)
✔ TC04-09: reconcile-root-rename/fail-root-list 对账失败后跨进程恢复且根身份不变 (8057.1169ms)
✔ TC04-09: reconcile-root-rename/fail-root-detail 对账失败后跨进程恢复且根身份不变 (8043.5665ms)
✔ TC04-09: reconcile-root-move/fail-root-list 对账失败后跨进程恢复且根身份不变 (8056.6821ms)
✔ TC04-09: reconcile-root-move/fail-root-detail 对账失败后跨进程恢复且根身份不变 (8054.234ms)
✔ TC04-09: reconcile-root-missing-old/fail-root-list 对账失败后跨进程恢复且根身份不变 (8114.9013ms)
✔ TC04-09: reconcile-root-missing-old/fail-root-detail 对账失败后跨进程恢复且根身份不变 (8059.7502ms)
✔ TC04-20: 旧版启动详情失败保留版本，重启升级保全修改和无状态文件 (8083.7504ms)
✔ TC04-03: A迁移到B/fail-root-A 两根独立提交且跨进程恢复 (8603.5203ms)
✔ TC04-03: A迁移到B/fail-root-B 两根独立提交且跨进程恢复 (8409.2096ms)
✔ TC04-12: 历史CREATE/inside 按当前树恢复且详情403不被当作删除 (8019.7408ms)
✔ TC04-12: 历史CREATE/outside 按当前树恢复且详情403不被当作删除 (8036.2848ms)
✔ TC04-12: 历史CREATE/trash 按当前树恢复且详情403不被当作删除 (8053.763ms)
✔ TC04-12: 历史CREATE详情超时保留旧状态和游标 (8031.4751ms)
✔ TC04-12: 历史MOVE/inside 按当前树恢复且详情403不被当作删除 (8143.6093ms)
✔ TC04-12: 历史MOVE/outside 按当前树恢复且详情403不被当作删除 (8250.6089ms)
✔ TC04-12: 历史MOVE/trash 按当前树恢复且详情403不被当作删除 (8041.3665ms)
✔ TC04-12: 历史MOVE详情超时保留旧状态和游标 (8032.9333ms)
✔ TC04-29: 清单提交前退出，重启完成 pending 后才提交游标 (1389.4004ms)
✔ TC04-29: manifest-write 故障后跨进程重试保全原件 (1026.5926ms)
✔ TC04-29: source-move 故障后跨进程重试保全原件 (1041.3204ms)
✔ TC04-32: 删除完成但游标提交前退出，跨进程重放不重复副作用 (1434.7953ms)
✔ TC04-29: reconcile 清理进程退出后先完成清单再删除旧状态 (1386.7692ms)
✔ TC04-29: historical 清理进程退出后先完成清单再删除旧状态 (1439.6077ms)
✔ TC04-29: complete 写入前退出，丢失恢复副本时拒绝确认游标 (1480.1657ms)
✔ TC04-29: complete 写入前退出，完整副本可在新进程恢复 (1114.5566ms)
✔ TC04-32: move 完成而游标未提交，重启重放不再次修改文件 (1434.6806ms)
✔ TC04-32: download 完成而游标未提交，重启重放不再次修改文件 (1465.1547ms)
✔ TC04-32: create 完成而游标未提交，重启重放不再次修改文件 (1513.1433ms)
✔ TC04-07: 同页第二事件失败，重启重放首事件不重复下载 (8064.3451ms)
✔ TC04-22: same-page/same-size 历史日志采用当前内容且只下载一次 (555.3562ms)
✔ TC04-22: same-page/different-size 历史日志采用当前内容且只下载一次 (599.9504ms)
✔ TC04-22: cross-page/same-size 历史日志采用当前内容且只下载一次 (529.4252ms)
✔ TC04-22: cross-page/different-size 历史日志采用当前内容且只下载一次 (523.4454ms)
✔ TC04-23: race-same 拒绝错误流，重启刷新元数据后再提交 (1093.4543ms)
✔ TC04-23: race-size 拒绝错误流，重启刷新元数据后再提交 (1101.2963ms)
✔ TC04-23: truncate 拒绝错误流，重启刷新元数据后再提交 (1052.7857ms)
✔ TC04-23: tamper 拒绝错误流，重启刷新元数据后再提交 (1053.5574ms)
✔ TC04-13: delete-returned 旧删除事件不能清理有效节点 (499.7854ms)
✔ TC04-13: delete-reused 旧删除事件不能清理有效节点 (507.4971ms)
✔ TC04-19: 全量扫描将路径登记为新 X 后，旧 N 快照不能清理 X (507.4432ms)
✔ TC04-10: invalid-current-parent 完整引擎拒绝且根外哨兵不变 (971.9378ms)
✔ TC04-10: invalid-current-drive 完整引擎拒绝且根外哨兵不变 (1008.9994ms)
✔ TC04-10: invalid-current-link 完整引擎拒绝且根外哨兵不变 (983.9187ms)
✔ TC04-10: invalid-old-parent 完整引擎拒绝且根外哨兵不变 (872.576ms)
✔ TC04-10: invalid-old-drive 完整引擎拒绝且根外哨兵不变 (870.2597ms)
✔ TC04-10: invalid-old-link 完整引擎拒绝且根外哨兵不变 (902.1568ms)
✔ TC04-10: invalid-recovery-link 完整引擎拒绝且根外哨兵不变 (939.3443ms)
✔ TC04-04: 外部目录移入完整下载 101 文件及深层/空目录，排除项不进入 (961.942ms)
✔ TC04-05: 移出目录不依赖父目录 mtime，已改文件与未知文件均保全 (915.1809ms)
✔ TC04-17: folder-modified 第二页失败后跨进程补齐 (8512.204ms)
✔ TC04-18: folder-missing 第二页失败后跨进程补齐 (8502.5585ms)
✔ TC04-04: folder-import 第二页失败后跨进程补齐 (8642.6603ms)
✔ TC04-18: 缺失源目录第二页失败，同一引擎重试识别 pending 目标 (8019.6196ms)
✔ TC04-18: 源缺失但目标属于不同 X 时保留目标并拒绝推进 (907.6557ms)
✔ TC04-14: move present 实际目录基线与目标保护 (904.3229ms)
✔ TC04-14: move missing 实际目录基线与目标保护 (882.8717ms)
✔ TC04-14: move collision 实际目录基线与目标保护 (888.4538ms)
✔ TC04-14: rename present 实际目录基线与目标保护 (933.4378ms)
✔ TC04-14: rename missing 实际目录基线与目标保护 (944.05ms)
✔ TC04-14: rename collision 实际目录基线与目标保护 (945.915ms)
✔ TC04-14: 未修改目录MOVE保留后代基线 (860.138ms)
✔ TC04-15: reused 旧路径身份对账失败及跨进程恢复 (8449.6849ms)
✔ TC04-16: unknown 旧路径身份对账失败及跨进程恢复 (8444.1059ms)
✔ TC04-16: 直接消费同路径脏MOVE不能改绑X，失败保留基线 (8044.3502ms)
✔ TC04-14: move 源缺失下载失败保留旧基线，再次成功后清理 (8500.4866ms)
✔ TC04-14: rename 源缺失下载失败保留旧基线，再次成功后清理 (8494.872ms)
✔ TC04-02: 排除子树真实watcher新建及改名不上传，普通文件仍上传 (7222.4534ms)
✔ TC04-21: delta 与目录大小完整矩阵，下载按实际字节验证且 ID/游标保持字符串 (394.5596ms)
ℹ tests 127
ℹ suites 0
ℹ pass 127
ℹ fail 0
ℹ cancelled 0
ℹ skipped 0
ℹ todo 0
ℹ duration_ms 545069.5011
