mysql: [Warning] Using a password on the command line interface can be insecure.
mysql: [Warning] Using a password on the command line interface can be insecure.
mysql: [Warning] Using a password on the command line interface can be insecure.
APPLIED 02_create_tables.sql
mysql: [Warning] Using a password on the command line interface can be insecure.
APPLIED 04_rbac_tables.sql
mysql: [Warning] Using a password on the command line interface can be insecure.
APPLIED 05_rate_limit_tables.sql
mysql: [Warning] Using a password on the command line interface can be insecure.
APPLIED 06_sync_tables.sql
mysql: [Warning] Using a password on the command line interface can be insecure.
1
1
APPLIED 07_cloud_capacity.sql
mysql: [Warning] Using a password on the command line interface can be insecure.
1
1
APPLIED 08_chunk_original_size.sql
mysql: [Warning] Using a password on the command line interface can be insecure.
APPLIED 09_jwt_secret.sql
mysql: [Warning] Using a password on the command line interface can be insecure.
APPLIED 09b_remove_two_factor.sql
mysql: [Warning] Using a password on the command line interface can be insecure.
APPLIED 10_drop_is_admin.sql
mysql: [Warning] Using a password on the command line interface can be insecure.
APPLIED 11_role_data_scope.sql
mysql: [Warning] Using a password on the command line interface can be insecure.
APPLIED 12_add_permissions.sql
mysql: [Warning] Using a password on the command line interface can be insecure.
APPLIED 13_remove_ratelimit_orphan.sql
mysql: [Warning] Using a password on the command line interface can be insecure.
APPLIED 14_add_preview_permission.sql
mysql: [Warning] Using a password on the command line interface can be insecure.
APPLIED 15_add_file_favorite.sql
mysql: [Warning] Using a password on the command line interface can be insecure.
APPLIED 16_add_file_hidden.sql
mysql: [Warning] Using a password on the command line interface can be insecure.
APPLIED 17_team_invite.sql
mysql: [Warning] Using a password on the command line interface can be insecure.
APPLIED 18_team_activity.sql
mysql: [Warning] Using a password on the command line interface can be insecure.
APPLIED 19_notification.sql
mysql: [Warning] Using a password on the command line interface can be insecure.
APPLIED 20_team_comment.sql
mysql: [Warning] Using a password on the command line interface can be insecure.
APPLIED 21_team_folder_permission.sql
mysql: [Warning] Using a password on the command line interface can be insecure.
APPLIED 22_team_member_pinned.sql
mysql: [Warning] Using a password on the command line interface can be insecure.
APPLIED 23_file_lock.sql
mysql: [Warning] Using a password on the command line interface can be insecure.
APPLIED 24_team_role.sql
mysql: [Warning] Using a password on the command line interface can be insecure.
APPLIED 25_team_external.sql
mysql: [Warning] Using a password on the command line interface can be insecure.
APPLIED 26_sync_change_log.sql
mysql: [Warning] Using a password on the command line interface can be insecure.
APPLIED 27_sync_exclusion_conflict.sql
mysql: [Warning] Using a password on the command line interface can be insecure.
APPLIED 28_file_object.sql
mysql: [Warning] Using a password on the command line interface can be insecure.
APPLIED 29_event_log.sql
mysql: [Warning] Using a password on the command line interface can be insecure.
1
1
APPLIED 30_sync_change_log_event_log_id.sql
mysql: [Warning] Using a password on the command line interface can be insecure.
APPLIED 31_schema_version.sql
mysql: [Warning] Using a password on the command line interface can be insecure.
APPLIED 32_file_block.sql
mysql: [Warning] Using a password on the command line interface can be insecure.
APPLIED 33_share_allow_download.sql
mysql: [Warning] Using a password on the command line interface can be insecure.
APPLIED 34_team_folder_permission_permissions.sql
mysql: [Warning] Using a password on the command line interface can be insecure.
APPLIED 35_file_share_permissions.sql
mysql: [Warning] Using a password on the command line interface can be insecure.
APPLIED 36_editor_version_source.sql
mysql: [Warning] Using a password on the command line interface can be insecure.
APPLIED 37_add_edit_permission.sql
mysql: [Warning] Using a password on the command line interface can be insecure.
APPLIED 38_share_security_config.sql
mysql: [Warning] Using a password on the command line interface can be insecure.
APPLIED 39_reset_editing_permission.sql
mysql: [Warning] Using a password on the command line interface can be insecure.
APPLIED 40_upload_session.sql
mysql: [Warning] Using a password on the command line interface can be insecure.
APPLIED 41_file_node_version_uniqueness.sql
mysql: [Warning] Using a password on the command line interface can be insecure.
APPLIED 42_file_orphan_candidate.sql
mysql: [Warning] Using a password on the command line interface can be insecure.
APPLIED 43_file_watch.sql
mysql: [Warning] Using a password on the command line interface can be insecure.
APPLIED 44_team_role_bigint.sql
mysql: [Warning] Using a password on the command line interface can be insecure.
APPLIED 45_user_security_version.sql
mysql: [Warning] Using a password on the command line interface can be insecure.
SCHEMA_BEFORE_EXIT=0
mysql: [Warning] Using a password on the command line interface can be insecure.
mysql: [Warning] Using a password on the command line interface can be insecure.
1
1
mysql: [Warning] Using a password on the command line interface can be insecure.
1
1
mysql: [Warning] Using a password on the command line interface can be insecure.
1
1
mysql: [Warning] Using a password on the command line interface can be insecure.
mysql: [Warning] Using a password on the command line interface can be insecure.
SCHEMA_AFTER_EXIT=0; SECURITY_VERSION=17
mysql: [Warning] Using a password on the command line interface can be insecure.
version_tag	iteration_name	applied_sql_files	applied_by	notes
20260930.901	Review独立库真实基线回放	02_create_tables.sql,04_rbac_tables.sql,05_rate_limit_tables.sql,06_sync_tables.sql,07_cloud_capacity.sql,08_chunk_original_size.sql,09_jwt_secret.sql,09b_remove_two_factor.sql,10_drop_is_admin.sql,11_role_data_scope.sql,12_add_permissions.sql,13_remove_ratelimit_orphan.sql,14_add_preview_permission.sql,15_add_file_favorite.sql,16_add_file_hidden.sql,17_team_invite.sql,18_team_activity.sql,19_notification.sql,20_team_comment.sql,21_team_folder_permission.sql,22_team_member_pinned.sql,23_file_lock.sql,24_team_role.sql,25_team_external.sql,26_sync_change_log.sql,27_sync_exclusion_conflict.sql,28_file_object.sql,29_event_log.sql,30_sync_change_log_event_log_id.sql,31_schema_version.sql,32_file_block.sql,33_share_allow_download.sql,34_team_folder_permission_permissions.sql,35_file_share_permissions.sql,36_editor_version_source.sql,37_add_edit_permission.sql,38_share_security_config.sql,39_reset_editing_permission.sql,40_upload_session.sql,41_file_node_version_uniqueness.sql,42_file_orphan_candidate.sql,43_file_watch.sql,44_team_role_bigint.sql,45_user_security_version.sql	workflow-manager	仅本任务独立测试库，逐个回放当前02至45迁移
20260930.902	安全版本迁移重试幂等修复	45_user_security_version.sql,46_user_security_version_retry.sql	workflow-manager	45二次、46两次成功，已有版本17保留；MySQL 8.0.44本机独立测试库
