
> st-web@0.0.0 build
> tsc -b && vite build

vite v5.4.21 building for production...
transforming...
✓ 3904 modules transformed.
rendering chunks...
computing gzip size...
dist/registerSW.js                            0.14 kB
dist/manifest.webmanifest                     0.42 kB
dist/index.html                               2.05 kB │ gzip:   0.99 kB
dist/assets/plyr-BoANmIBg.css                32.68 kB │ gzip:   5.20 kB
dist/assets/index-d5kOICYy.css               85.12 kB │ gzip:  14.90 kB
dist/assets/TitleBar-D9jIquey.js              0.14 kB │ gzip:   0.15 kB
dist/assets/storage-D4SPGo5M.js               0.18 kB │ gzip:   0.16 kB
dist/assets/permission-DyobGfqp.js            0.27 kB │ gzip:   0.20 kB
dist/assets/fileTypes-D9nBf6D0.js             0.60 kB │ gzip:   0.37 kB
dist/assets/useMobile-o_adij93.js             0.68 kB │ gzip:   0.38 kB
dist/assets/FavoritesPage-Dxk8_5uR.js         0.80 kB │ gzip:   0.52 kB
dist/assets/CategoryPage-B8dxp9Tz.js          0.96 kB │ gzip:   0.61 kB
dist/assets/FileManager-zY4Zav1Y.js           0.99 kB │ gzip:   0.61 kB
dist/assets/editor-DF0QR-f3.js                1.04 kB │ gzip:   0.65 kB
dist/assets/PlyrPlayer-CA-b5Ehz.js            1.14 kB │ gzip:   0.73 kB
dist/assets/transfer-BhM_xvcG.js              1.41 kB │ gzip:   0.58 kB
dist/assets/Dialog-7NL81Yco.js                2.01 kB │ gzip:   1.02 kB
dist/assets/HiddenFilesPage-Cv1Pp1T9.js       2.17 kB │ gzip:   1.15 kB
dist/assets/FileTypeIcon-COs4mzwJ.js          2.62 kB │ gzip:   1.15 kB
dist/assets/fileSource-D2zGn10q.js            2.64 kB │ gzip:   1.00 kB
dist/assets/TeamInvitePage-C4nym2h2.js        2.90 kB │ gzip:   1.14 kB
dist/assets/TextEditorPage-DIN-xT7h.js        3.11 kB │ gzip:   1.56 kB
dist/assets/ServerConfigPage-BgwIbopv.js      3.26 kB │ gzip:   1.58 kB
dist/assets/EmptyState-CPYK7oBd.js            4.67 kB │ gzip:   1.20 kB
dist/assets/DuplicateFilesPage-IJlJXAXa.js    4.75 kB │ gzip:   2.11 kB
dist/assets/TeamPage-CCsiMKrq.js              5.40 kB │ gzip:   1.98 kB
dist/assets/EditorPage-MfuQoEex.js            5.66 kB │ gzip:   2.60 kB
dist/assets/Login-DApuqP56.js                 6.37 kB │ gzip:   2.25 kB
dist/assets/FollowingPage-bmn6y4JV.js         8.73 kB │ gzip:   3.14 kB
dist/assets/RecycleBin-DHsxxyLl.js            9.62 kB │ gzip:   2.58 kB
dist/assets/ShareManagePage-aMwhhXU9.js      10.76 kB │ gzip:   2.68 kB
dist/assets/HomePage-sGlXlwHT.js             10.78 kB │ gzip:   3.52 kB
dist/assets/ShareAccessPage-DcQaF7G8.js      15.59 kB │ gzip:   4.87 kB
dist/assets/SyncPage-CwBSw2ew.js             16.37 kB │ gzip:   4.96 kB
dist/assets/index-3ZdIlJDq.js                18.37 kB │ gzip:   6.36 kB
dist/assets/AuditLogPanel-t5-owg3y.js        20.30 kB │ gzip:   6.10 kB
dist/assets/folderFilter-CdMyGF1Y.js         21.19 kB │ gzip:   7.36 kB
dist/assets/PreviewModal-dLoCp0o3.js         22.17 kB │ gzip:   7.18 kB
dist/assets/TransferManager-q6Xp6Nm5.js      25.90 kB │ gzip:   6.90 kB
dist/assets/select-BeCjozu2.js               26.85 kB │ gzip:   9.62 kB
dist/assets/SearchPage-D8Eo5bpz.js           30.64 kB │ gzip:   8.77 kB
dist/assets/AppLayout-_mdvIFAL.js            38.17 kB │ gzip:  11.42 kB
dist/assets/utils-DHYyaaYs.js                52.60 kB │ gzip:  19.11 kB
dist/assets/TeamSpacePage-B31VFEuM.js        54.76 kB │ gzip:  14.52 kB
dist/assets/lucide-D5Xn0-w1.js               58.01 kB │ gzip:  10.84 kB
dist/assets/AdminPage-CzQudtKg.js            60.78 kB │ gzip:  14.98 kB
dist/assets/popover-Cv9nfcKt.js              66.59 kB │ gzip:  23.63 kB
dist/assets/index-ij0UMRh1.js                75.43 kB │ gzip:  27.61 kB
dist/assets/calendar-BLQ4yvDM.js             80.23 kB │ gzip:  23.75 kB
dist/assets/plyr-HE2JHqmA.js                113.19 kB │ gzip:  33.65 kB
dist/assets/FileBrowser-BRdNhMWI.js         175.52 kB │ gzip:  52.91 kB
dist/assets/react-vendor-DnVLYb7R.js        181.18 kB │ gzip:  59.41 kB
dist/assets/recharts-DQ707jpW.js            392.11 kB │ gzip: 106.41 kB
✓ built in 6.99s

PWA v1.3.0
mode      generateSW
precache  64 entries (1797.46 KiB)
files generated
  dist/sw.js
  dist/workbox-8b1f5376.js
